DDR Version 1.12 20180518
In
Channel 0: LPDDR4,50MHz
CS = 0
MR0=0x98
MR4=0x3
MR5=0xFF
MR8=0x8
MR12=0x4D
MR14=0x4D
MR18=0x0
MR19=0x0
MR24=0x8
MR25=0xFF
CS = 1
MR0=0x18
MR4=0x3
MR5=0xFF
MR8=0x8
MR12=0x4D
MR14=0x4D
MR18=0x0
MR19=0x0
MR24=0x8
MR25=0xFF
Bus Width=32 Col=10 Bank=8 Row=15/15 CS=2 Die Bus-Width=16 Size=2048MB
Channel 1: LPDDR4,50MHz
CS = 0
MR0=0x98
MR4=0x3
MR5=0xFF
MR8=0x8
MR12=0x4D
MR14=0x4D
MR18=0x0
MR19=0x0
MR24=0x8
MR25=0xFF
CS = 1
MR0=0x18
MR4=0x3
MR5=0xFF
MR8=0x8
MR12=0x4D
MR14=0x4D
MR18=0x0
MR19=0x0
MR24=0x8
MR25=0xFF
Bus Width=32 Col=10 Bank=8 Row=15/15 CS=2 Die Bus-Width=16 Size=2048MB
256B stride
channel 0
CS = 0
MR0=0x98
MR4=0x81
MR5=0xFF
MR8=0x8
MR12=0x72
MR14=0x72
MR18=0x0
MR19=0x0
MR24=0x8
MR25=0xFF
CS = 1
MR0=0x18
MR4=0x3
MR5=0xFF
MR8=0x8
MR12=0x72
MR14=0x72
MR18=0x0
MR19=0x0
MR24=0x8
MR25=0xFF
channel 1
CS = 0
MR0=0x98
MR4=0x81
MR5=0xFF
MR8=0x8
MR12=0x72
MR14=0x72
MR18=0x0
MR19=0x0
MR24=0x8
MR25=0xFF
CS = 1
MR0=0x18
MR4=0x81
MR5=0xFF
MR8=0x8
MR12=0x72
MR14=0x72
MR18=0x0
MR19=0x0
MR24=0x8
MR25=0xFF
channel 0 training pass!
channel 1 training pass!
change freq to 400MHz 0,1
channel 0
CS = 0
MR0=0x98
MR4=0x1
MR5=0xFF
MR8=0x8
MR12=0x72
MR14=0x72
MR18=0x0
MR19=0x0
MR24=0x8
MR25=0xFF
CS = 1
MR0=0x18
MR4=0x81
MR5=0xFF
MR8=0x8
MR12=0x72
MR14=0x72
MR18=0x0
MR19=0x0
MR24=0x8
MR25=0xFF
channel 1
CS = 0
MR0=0x98
MR4=0x1
MR5=0xFF
MR8=0x8
MR12=0x72
MR14=0x72
MR18=0x0
MR19=0x0
MR24=0x8
MR25=0xFF
CS = 1
MR0=0x18
MR4=0x1
MR5=0xFF
MR8=0x8
MR12=0x72
MR14=0x72
MR18=0x0
MR19=0x0
MR24=0x8
MR25=0xFF
channel 0 training pass!
channel 1 training pass!
change freq to 800MHz 1,0
ch 0 ddrconfig = 0x101, ddrsize = 0x2020
ch 1 ddrconfig = 0x101, ddrsize = 0x2020
pmugrf_os_reg[2] = 0x3AA1FAA1, stride = 0xD
OUT
Boot1: 2018-04-08, version: 1.12
CPUId = 0x0
ChipType = 0x10, 220
SdmmcInit=2 0
BootCapSize=100000
UserCapSize=14800MB
FwPartOffset=2000 , 100000
mmc0:cmd5,32
SdmmcInit=0 0
BootCapSize=0
UserCapSize=3812MB
FwPartOffset=2000 , 0
StorageInit ok = 69919
LoadTrustBL
No find bl30.bin
No find bl32.bin
Load uboot, ReadLba = 2000
Load OK, addr=0x200000, size=0x9f8c0
RunBL31 0x10000
NOTICE:  BL31: v1.3(debug):65aa5ce
NOTICE:  BL31: Built : 10:47:37, Jun 19 2018
NOTICE:  BL31: Rockchip release version: v1.1
INFO:    GICv3 with legacy support detected. ARM GICV3 driver initialized in EL3
INFO:    Using opteed sec cpu_context!
INFO:    boot cpu mask: 0
INFO:    plat_rockchip_pmu_init(1151): pd status 3e
INFO:    BL31: Initializing runtime services
WARNING: No OPTEE provided by BL2 boot loader, Booting device without OPTEE initialization. SMC`s destined for OPTEE will return SMC_
UNK
ERROR:   Error initializing runtime service opteed_fast
INFO:    BL31: Preparing for EL3 exit to normal world
INFO:    Entry point address = 0x200000
INFO:    SPSR = 0x3c9


U-Boot 2017.09-00596-g01c5534 (Oct 26 2018 - 19:40:41 +0800)

Model: Rockchip RK3399 Evaluation Board
DRAM:  3.9 GiB
MMC:   dwmmc@fe320000: 1, sdhci@fe330000: 0
In:    serial
Out:   serial
Err:   serial
Model: Rockchip RK3399 Evaluation Board
Pcie:  Enable Power
Net:   eth0: ethernet@fe300000
Hit any key to stop autoboot:  0 
=> 
=> 
=> setenv bootargs 'earlycon=uart8250,mmio32,0xff1a0000 console=ttyS2,1500000n8 rw root=/dev/mmcblk1p5 rootfstype=ext4 init=/sbin/ini
t rootwait'
=> ext4load mmc 1:5 ${kernel_addr_r} boot/Image;ext4load mmc 1:5 ${fdt_addr_r} boot/rk3399-rock-pi-4.dtb;booti ${kernel_addr_r} - ${f
dt_addr_r}
21142016 bytes read in 1401 ms (14.4 MiB/s)
54176 bytes read in 33 ms (1.6 MiB/s)
## Flattened Device Tree blob at 01f00000
   Booting using the fdt blob at 0x1f00000
   Loading Device Tree to 00000000f5ef8000, end 00000000f5f0839f ... OK

Starting kernel ...

[    0.000000] Booting Linux on physical CPU 0x0000000000 [0x410fd034]
[    0.000000] Linux version 5.2.0-rc2-27377-gba2e5559d525 (akash@akash-vr) (gcc version 7.2.1 20171011 (Linaro GCC 7.2-2017.11)) #5 
SMP PREEMPT Tue May 28 13:48:38 IST 2019
[    0.000000] Machine model: Radxa ROCK Pi 4
[    0.000000] earlycon: uart8250 at MMIO32 0x00000000ff1a0000 (options '')
[    0.000000] printk: bootconsole [uart8250] enabled
[    0.000000] efi: Getting EFI parameters from FDT:
[    0.000000] efi: UEFI not found.
[    0.000000] cma: Reserved 32 MiB at 0x00000000f6000000
[    0.000000] NUMA: No NUMA configuration found
[    0.000000] NUMA: Faking a node at [mem 0x0000000000200000-0x00000000f7ffffff]
[    0.000000] NUMA: NODE_DATA [mem 0xf57e0840-0xf57e1fff]
[    0.000000] Zone ranges:
[    0.000000]   DMA32    [mem 0x0000000000200000-0x00000000f7ffffff]
[    0.000000]   Normal   empty
[    0.000000] Movable zone start for each node
[    0.000000] Early memory node ranges
[    0.000000]   node   0: [mem 0x0000000000200000-0x00000000f7ffffff]
[    0.000000] Initmem setup node 0 [mem 0x0000000000200000-0x00000000f7ffffff]
[    0.000000] psci: probing for conduit method from DT.
[    0.000000] psci: PSCIv1.0 detected in firmware.
[    0.000000] psci: Using standard PSCI v0.2 function IDs
[    0.000000] psci: MIGRATE_INFO_TYPE not supported.
[    0.000000] psci: SMC Calling Convention v1.0
[    0.000000] percpu: Embedded 23 pages/cpu s56728 r8192 d29288 u94208
[    0.000000] Detected VIPT I-cache on CPU0
[    0.000000] CPU features: detected: ARM erratum 845719
[    0.000000] CPU features: detected: GIC system register CPU interface
[    0.000000] Built 1 zonelists, mobility grouping on.  Total pages: 999432
[    0.000000] Policy zone: DMA32
[    0.000000] Kernel command line: earlycon=uart8250,mmio32,0xff1a0000 console=ttyS2,1500000n8 rw root=/dev/mmcblk1p5 rootfstype=ext
4 init=/sbin/init rootwait
[    0.000000] Memory: 3932748K/4061184K available (11452K kernel code, 1766K rwdata, 5888K rodata, 1472K init, 446K bss, 95668K rese
rved, 32768K cma-reserved)
[    0.000000] SLUB: HWalign=64, Order=0-3, MinObjects=0, CPUs=6, Nodes=1
[    0.000000] rcu: Preemptible hierarchical RCU implementation.
[    0.000000] rcu:     RCU restricting CPUs from NR_CPUS=256 to nr_cpu_ids=6.
[    0.000000]  Tasks RCU enabled.
[    0.000000] rcu: RCU calculated value of scheduler-enlistment delay is 25 jiffies.
[    0.000000] rcu: Adjusting geometry for rcu_fanout_leaf=16, nr_cpu_ids=6
[    0.000000] NR_IRQS: 64, nr_irqs: 64, preallocated irqs: 0
[    0.000000] GICv3: GIC: Using split EOI/Deactivate mode
[    0.000000] GICv3: Distributor has no Range Selector support
[    0.000000] GICv3: no VLPI support, no direct LPI support
[    0.000000] GICv3: CPU0: found redistributor 0 region 0:0x00000000fef00000
[    0.000000] ITS [mem 0xfee20000-0xfee3ffff]
[    0.000000] ITS@0x00000000fee20000: allocated 65536 Devices @f1080000 (flat, esz 8, psz 64K, shr 0)
[    0.000000] ITS: using cache flushing for cmd queue
[    0.000000] GICv3: using LPI property table @0x00000000f1040000
[    0.000000] GIC: using cache flushing for LPI property table
[    0.000000] GICv3: CPU0: using allocated LPI pending table @0x00000000f1050000
[    0.000000] GICv3: GIC: PPI partition interrupt-partition-0[0] { /cpus/cpu@0[0] /cpus/cpu@1[1] /cpus/cpu@2[2] /cpus/cpu@3[3] }
[    0.000000] GICv3: GIC: PPI partition interrupt-partition-1[1] { /cpus/cpu@100[4] /cpus/cpu@101[5] }
[    0.000000] random: get_random_bytes called from start_kernel+0x2c4/0x478 with crng_init=0
[    0.000000] rockchip_mmc_get_phase: invalid clk rate
[    0.000000] rockchip_mmc_get_phase: invalid clk rate
[    0.000000] rockchip_mmc_get_phase: invalid clk rate
[    0.000000] rockchip_mmc_get_phase: invalid clk rate
[    0.000000] arch_timer: cp15 timer(s) running at 24.00MHz (phys).
[    0.000000] clocksource: arch_sys_counter: mask: 0xffffffffffffff max_cycles: 0x588fe9dc0, max_idle_ns: 440795202592 ns
[    0.000009] sched_clock: 56 bits at 24MHz, resolution 41ns, wraps every 4398046511097ns
[    0.004185] Console: colour dummy device 80x25
[    0.004783] Calibrating delay loop (skipped), value calculated using timer frequency.. 48.00 BogoMIPS (lpj=96000)
[    0.005805] pid_max: default: 32768 minimum: 301
[    0.006423] LSM: Security Framework initializing
[    0.010129] Dentry cache hash table entries: 524288 (order: 10, 4194304 bytes)
[    0.012466] Inode-cache hash table entries: 262144 (order: 9, 2097152 bytes)
[    0.013266] Mount-cache hash table entries: 8192 (order: 4, 65536 bytes)
[    0.013987] Mountpoint-cache hash table entries: 8192 (order: 4, 65536 bytes)
[    0.015519] *** VALIDATE proc ***
[    0.016237] *** VALIDATE cgroup1 ***
[    0.016603] *** VALIDATE cgroup2 ***
[    0.040316] ASID allocator initialised with 32768 entries
[    0.048318] rcu: Hierarchical SRCU implementation.
[    0.056497] Platform MSI: interrupt-controller@fee20000 domain created
[    0.057633] PCI/MSI: /interrupt-controller@fee00000/interrupt-controller@fee20000 domain created
[    0.065906] EFI services will not be available.
[    0.073962] smp: Bringing up secondary CPUs ...
[    0.106263] Detected VIPT I-cache on CPU1
[    0.106316] GICv3: CPU1: found redistributor 1 region 0:0x00000000fef20000
[    0.106337] GICv3: CPU1: using allocated LPI pending table @0x00000000f1060000
[    0.106393] CPU1: Booted secondary processor 0x0000000001 [0x410fd034]
[    0.138394] Detected VIPT I-cache on CPU2
[    0.138437] GICv3: CPU2: found redistributor 2 region 0:0x00000000fef40000
[    0.138455] GICv3: CPU2: using allocated LPI pending table @0x00000000f1070000
[    0.138496] CPU2: Booted secondary processor 0x0000000002 [0x410fd034]
[    0.170551] Detected VIPT I-cache on CPU3
[    0.170593] GICv3: CPU3: found redistributor 3 region 0:0x00000000fef60000
[    0.170610] GICv3: CPU3: using allocated LPI pending table @0x00000000f1100000
[    0.170651] CPU3: Booted secondary processor 0x0000000003 [0x410fd034]
[    0.205352] CPU features: detected: EL2 vector hardening
[    0.205680] ARM_SMCCC_ARCH_WORKAROUND_1 missing from firmware
[    0.206088] Detected PIPT I-cache on CPU4
[    0.207323] GICv3: CPU4: found redistributor 100 region 0:0x00000000fef80000
[    0.207792] GICv3: CPU4: using allocated LPI pending table @0x00000000f1110000
[    0.209000] CPU4: Booted secondary processor 0x0000000100 [0x410fd082]
[    0.249120] Detected PIPT I-cache on CPU5
[    0.250317] GICv3: CPU5: found redistributor 101 region 0:0x00000000fefa0000
[    0.250757] GICv3: CPU5: using allocated LPI pending table @0x00000000f1120000
[    0.251833] CPU5: Booted secondary processor 0x0000000101 [0x410fd082]
[    0.257001] smp: Brought up 1 node, 6 CPUs
[    0.270865] SMP: Total of 6 processors activated.
[    0.271357] CPU features: detected: 32-bit EL0 Support
[    0.271891] CPU features: detected: CRC32 instructions
[    0.283600] CPU: All CPU(s) started at EL2
[    0.284655] alternatives: patching kernel code
[    0.292372] devtmpfs: initialized
[    0.319752] clocksource: jiffies: mask: 0xffffffff max_cycles: 0xffffffff, max_idle_ns: 7645041785100000 ns
[    0.320891] futex hash table entries: 2048 (order: 5, 131072 bytes)
[    0.325164] pinctrl core: initialized pinctrl subsystem
[    0.329658] DMI not present or invalid.
[    0.330980] NET: Registered protocol family 16
[    0.335343] audit: initializing netlink subsys (disabled)
[    0.337870] audit: type=2000 audit(0.328:1): state=initialized audit_enabled=0 res=1
[    0.341175] cpuidle: using governor menu
[    0.342478] hw-breakpoint: found 6 breakpoint and 4 watchpoint registers.
[    0.410266] DMA: preallocated 256 KiB pool for atomic allocations
[    0.493336] Serial: AMBA PL011 UART driver
[    2.706957] HugeTLB registered 1.00 GiB page size, pre-allocated 0 pages
[    2.709987] HugeTLB registered 32.0 MiB page size, pre-allocated 0 pages
[    2.712657] HugeTLB registered 2.00 MiB page size, pre-allocated 0 pages
[    2.714744] HugeTLB registered 64.0 KiB page size, pre-allocated 0 pages
[    2.780185] cryptd: max_cpu_qlen set to 1000
[    3.035172] ACPI: Interpreter disabled.
[    3.121555] vcc5v0_sys: supplied by vcc12v_dcin
[    3.140688] vcc3v3_pcie: supplied by vcc5v0_sys
[    3.156798] vcc3v3_sys: supplied by vcc5v0_sys
[    3.176703] vcc5v0_host: supplied by vcc5v0_sys
[    3.195490] vcc5v0_typec: supplied by vcc5v0_sys
[    3.307255] vgaarb: loaded
[    3.320367] SCSI subsystem initialized
[    3.339426] usbcore: registered new interface driver usbfs
[    3.343442] usbcore: registered new interface driver hub
[    3.348956] usbcore: registered new device driver usb
[    3.409820] pps_core: LinuxPPS API ver. 1 registered
[    3.411861] pps_core: Software ver. 5.3.6 - Copyright 2005-2007 Rodolfo Giometti <giometti@linux.it>
[    3.414976] PTP clock support registered
[    3.426240] EDAC MC: Ver: 3.0.0
[    3.503787] FPGA manager framework
[    3.509015] Advanced Linux Sound Architecture Driver Initialized.
[    3.543713] clocksource: Switched to clocksource arch_sys_counter
[    3.555004] VFS: Disk quotas dquot_6.6.0
[    3.560696] VFS: Dquot-cache hash table entries: 512 (order 0, 4096 bytes)
[    3.565350] *** VALIDATE hugetlbfs ***
[    3.576157] pnp: PnP ACPI: disabled
[    3.942053] NET: Registered protocol family 2
[    3.968682] tcp_listen_portaddr_hash hash table entries: 2048 (order: 3, 32768 bytes)
[    3.977058] TCP established hash table entries: 32768 (order: 6, 262144 bytes)
[    3.998702] TCP bind hash table entries: 32768 (order: 7, 524288 bytes)
[    4.013123] TCP: Hash tables configured (established 32768 bind 32768)
[    4.021724] UDP hash table entries: 2048 (order: 4, 65536 bytes)
[    4.026947] UDP-Lite hash table entries: 2048 (order: 4, 65536 bytes)
[    4.038024] NET: Registered protocol family 1
[    4.058366] RPC: Registered named UNIX socket transport module.
[    4.061013] RPC: Registered udp transport module.
[    4.062529] RPC: Registered tcp transport module.
[    4.064575] RPC: Registered tcp NFSv4.1 backchannel transport module.
[    4.066685] PCI: CLS 0 bytes, default 64
[    4.112855] hw perfevents: enabled with armv8_cortex_a53 PMU driver, 7 counters available
[    4.130652] hw perfevents: enabled with armv8_cortex_a72 PMU driver, 7 counters available
[    4.149673] kvm [1]: IPA Size Limit: 40bits
[    4.190384] kvm [1]: vgic-v2@fff20000
[    4.193339] kvm [1]: GIC system register CPU interface enabled
[    4.204815] kvm [1]: vgic interrupt IRQ10
[    4.216873] kvm [1]: Hyp mode initialized successfully
[    4.569609] Initialise system trusted keyrings
[    4.576579] workingset: timestamp_bits=44 max_order=20 bucket_order=0
[    4.990271] squashfs: version 4.0 (2009/01/31) Phillip Lougher
[    5.036281] NFS: Registering the id_resolver key type
[    5.038468] Key type id_resolver registered
[    5.040509] Key type id_legacy registered
[    5.042210] nfs4filelayout_init: NFSv4 File Layout Driver Registering...
[    5.052487] 9p: Installing v9fs 9p2000 file system support
[    5.070835] Key type asymmetric registered
[    5.073062] Asymmetric key parser 'x509' registered
[    5.076672] Block layer SCSI generic (bsg) driver version 0.4 loaded (major 245)
[    5.078899] io scheduler mq-deadline registered
[    5.081021] io scheduler kyber registered
[    6.278962] EINJ: ACPI disabled.
[    6.756084] dma-pl330 ff6d0000.dma-controller: Loaded driver for PL330 DMAC-241330
[    6.758643] dma-pl330 ff6d0000.dma-controller:       DBUFF-32x8bytes Num_Chans-6 Num_Peri-12 Num_Events-12
[    6.840487] dma-pl330 ff6e0000.dma-controller: Loaded driver for PL330 DMAC-241330
[    6.842986] dma-pl330 ff6e0000.dma-controller:       DBUFF-128x8bytes Num_Chans-8 Num_Peri-20 Num_Events-16
[    7.167164] pwm-regulator: supplied by regulator-dummy
[    7.444607] Serial: 8250/16550 driver, 4 ports, IRQ sharing enabled
[    7.557327] ff180000.serial: ttyS0 at MMIO 0xff180000 (irq = 35, base_baud = 1500000) is a 16550A
[    7.568596] serial serial0: tty port ttyS0 registered
[    7.597193] ff1a0000.serial: ttyS2 at MMIO 0xff1a0000 (irq = 36, base_baud = 1500000) is a 16550A
[    7.608007] printk: console [ttyS2] enabled
[    7.608007] printk: console [ttyS2] enabled
[    7.610239] printk: bootconsole [uart8250] disabled
[    7.610239] printk: bootconsole [uart8250] disabled
[    7.707090] SuperH (H)SCI(F) driver initialized
[    7.760486] msm_serial: driver initialized
[    7.850783] cacheinfo: Unable to detect cache hierarchy for CPU 0
[    8.300842] loop: module loaded
[    8.670236] libphy: Fixed MDIO Bus: probed
[    8.688267] tun: Universal TUN/TAP device driver, 1.6
[    8.752890] thunder_xcv, ver 1.0
[    8.756583] thunder_bgx, ver 1.0
[    8.759820] nicpf, ver 1.0
[    8.817632] hclge is initializing
[    8.818645] hns3: Hisilicon Ethernet Network Driver for Hip08 Family - version
[    8.820834] hns3: Copyright (c) 2017 Huawei Corporation.
[    8.825018] e1000e: Intel(R) PRO/1000 Network Driver - 3.2.6-k
[    8.826333] e1000e: Copyright(c) 1999 - 2015 Intel Corporation.
[    8.830031] igb: Intel(R) Gigabit Ethernet Network Driver - version 5.6.0-k
[    8.832176] igb: Copyright (c) 2007-2014 Intel Corporation.
[    8.836056] igbvf: Intel(R) Gigabit Virtual Function Network Driver - version 2.4.0-k
[    8.837689] igbvf: Copyright (c) 2009 - 2012 Intel Corporation.
[    8.870326] sky2: driver version 1.30
[    8.934414] VFIO - User Level meta-driver version: 0.3
[    9.048186] dwc3 fe800000.dwc3: Failed to get clk 'ref': -2
[    9.074284] OF: graph: no port node found in /syscon@ff770000/usb2-phy@e450/otg-port
[    9.155025] dwc3 fe900000.dwc3: Failed to get clk 'ref': -2
[    9.278142] ehci_hcd: USB 2.0 'Enhanced' Host Controller (EHCI) Driver
[    9.280446] ehci-pci: EHCI PCI platform driver
[    9.284121] ehci-platform: EHCI generic platform driver
[    9.299096] ehci-platform fe380000.usb: EHCI Host Controller
[    9.302225] ehci-platform fe380000.usb: new USB bus registered, assigned bus number 1
[    9.318507] ehci-platform fe380000.usb: irq 28, io mem 0xfe380000
[    9.337058] ehci-platform fe380000.usb: USB 2.0 started, EHCI 1.00
[    9.374547] hub 1-0:1.0: USB hub found
[    9.377695] hub 1-0:1.0: 1 port detected
[    9.409695] ehci-platform fe3c0000.usb: EHCI Host Controller
[    9.412675] ehci-platform fe3c0000.usb: new USB bus registered, assigned bus number 2
[    9.430847] ehci-platform fe3c0000.usb: irq 30, io mem 0xfe3c0000
[    9.449069] ehci-platform fe3c0000.usb: USB 2.0 started, EHCI 1.00
[    9.482898] hub 2-0:1.0: USB hub found
[    9.486304] hub 2-0:1.0: 1 port detected
[    9.517099] ehci-orion: EHCI orion driver
[    9.529690] ehci-exynos: EHCI EXYNOS driver
[    9.540071] ohci_hcd: USB 1.1 'Open' Host Controller (OHCI) Driver
[    9.541950] ohci-pci: OHCI PCI platform driver
[    9.545904] ohci-platform: OHCI generic platform driver
[    9.557380] ohci-platform fe3a0000.usb: Generic Platform OHCI controller
[    9.560372] ohci-platform fe3a0000.usb: new USB bus registered, assigned bus number 3
[    9.574519] ohci-platform fe3a0000.usb: irq 29, io mem 0xfe3a0000
[    9.674378] hub 3-0:1.0: USB hub found
[    9.677451] hub 3-0:1.0: 1 port detected
[    9.704625] ohci-platform fe3e0000.usb: Generic Platform OHCI controller
[    9.706849] ohci-platform fe3e0000.usb: new USB bus registered, assigned bus number 4
[    9.724730] ohci-platform fe3e0000.usb: irq 31, io mem 0xfe3e0000
[    9.820908] hub 4-0:1.0: USB hub found
[    9.825421] hub 4-0:1.0: 1 port detected
[    9.853764] ohci-exynos: OHCI EXYNOS driver
[    9.894000] xhci-hcd xhci-hcd.0.auto: xHCI Host Controller
[    9.896712] xhci-hcd xhci-hcd.0.auto: new USB bus registered, assigned bus number 5
[    9.930248] xhci-hcd xhci-hcd.0.auto: hcc params 0x0220fe64 hci version 0x110 quirks 0x0000000002010010
[    9.933656] xhci-hcd xhci-hcd.0.auto: irq 222, io mem 0xfe800000
[    9.974875] hub 5-0:1.0: USB hub found
[    9.977994] hub 5-0:1.0: 1 port detected
[    9.996812] xhci-hcd xhci-hcd.0.auto: xHCI Host Controller
[    9.998583] xhci-hcd xhci-hcd.0.auto: new USB bus registered, assigned bus number 6
[   10.001395] xhci-hcd xhci-hcd.0.auto: Host supports USB 3.0  SuperSpeed
[   10.006464] usb usb6: We don't know the algorithms for LPM for this host, disabling LPM.
[   10.041532] hub 6-0:1.0: USB hub found
[   10.044792] hub 6-0:1.0: 1 port detected
[   10.070379] xhci-hcd xhci-hcd.1.auto: xHCI Host Controller
[   10.073380] xhci-hcd xhci-hcd.1.auto: new USB bus registered, assigned bus number 7
[   10.101405] xhci-hcd xhci-hcd.1.auto: hcc params 0x0220fe64 hci version 0x110 quirks 0x0000000002010010
[   10.106457] xhci-hcd xhci-hcd.1.auto: irq 223, io mem 0xfe900000
[   10.150794] hub 7-0:1.0: USB hub found
[   10.154165] hub 7-0:1.0: 1 port detected
[   10.174335] xhci-hcd xhci-hcd.1.auto: xHCI Host Controller
[   10.176923] xhci-hcd xhci-hcd.1.auto: new USB bus registered, assigned bus number 8
[   10.180017] xhci-hcd xhci-hcd.1.auto: Host supports USB 3.0  SuperSpeed
[   10.185493] usb usb8: We don't know the algorithms for LPM for this host, disabling LPM.
[   10.218972] hub 8-0:1.0: USB hub found
[   10.222453] hub 8-0:1.0: 1 port detected
[   10.264438] usbcore: registered new interface driver usb-storage
[   10.521155] i2c /dev entries driver
[   10.684569] rk808 0-001b: chip id: 0x0
[   10.795140] rk808-regulator rk808-regulator: there is no dvs0 gpio
[   10.798308] rk808-regulator rk808-regulator: there is no dvs1 gpio
[   10.802888] DCDC_REG1: supplied by vcc5v0_sys
[   10.829335] DCDC_REG2: supplied by vcc5v0_sys
[   10.853388] DCDC_REG3: supplied by vcc5v0_sys
[   10.866393] DCDC_REG4: supplied by vcc5v0_sys
[   10.885827] LDO_REG1: supplied by vcc5v0_sys
[   10.909046] LDO_REG2: supplied by vcc5v0_sys
[   10.929469] LDO_REG3: supplied by vcc5v0_sys
[   10.949839] LDO_REG4: supplied by vcc5v0_sys
[   10.972346] LDO_REG5: supplied by vcc5v0_sys
[   10.976410] vcca3v0_codec: Bringing 1800000uV into 3000000-3000000uV
[   10.996376] LDO_REG6: supplied by vcc5v0_sys
[   11.017194] LDO_REG7: supplied by vcc5v0_sys
[   11.022353] vcc0v9_hdmi: Bringing 800000uV into 900000-900000uV
[   11.042896] LDO_REG8: supplied by vcc5v0_sys
[   11.065422] SWITCH_REG1: supplied by vcc3v3_sys
[   11.082132] SWITCH_REG2: supplied by vcc3v3_sys
[   11.138807] fan53555-regulator 0-0040: FAN53555 Option[8] Rev[1] Detected!
[   11.141918] fan53555-reg: supplied by vcc5v0_sys
[   11.186289] fan53555-regulator 0-0041: FAN53555 Option[8] Rev[1] Detected!
[   11.189396] fan53555-reg: supplied by vcc5v0_sys
[   11.715037] cpufreq: cpufreq_online: CPU0: Running at unlisted freq: 400000 KHz
[   11.722784] cpufreq: cpufreq_online: CPU0: Unlisted initial frequency changed to: 408000 KHz
[   11.752038] random: fast init done
[   11.799297] cpufreq: cpufreq_online: CPU4: Running at unlisted freq: 12000 KHz
[   11.818307] cpufreq: cpufreq_online: CPU4: Unlisted initial frequency changed to: 408000 KHz
[   11.821696] sdhci: Secure Digital Host Controller Interface driver
[   11.822234] sdhci: Copyright(c) Pierre Ossman
[   11.822853] Synopsys Designware Multimedia Card Interface Driver
[   11.823931] dwmmc_rockchip fe310000.dwmmc: IDMAC supports 32-bit address mode.
[   11.824665] dwmmc_rockchip fe310000.dwmmc: Using internal DMA controller.
[   11.825265] dwmmc_rockchip fe310000.dwmmc: Version ID is 270a
[   11.825787] dwmmc_rockchip fe310000.dwmmc: DW MMC controller at irq 25,32 bit host data width,256 deep fifo
[   11.826695] dwmmc_rockchip fe310000.dwmmc: allocated mmc-pwrseq
[   11.827220] mmc_host mmc0: card is non-removable.
[   11.840795] mmc_host mmc0: Bus speed (slot 0) = 400000Hz (slot req 400000Hz, actual 400000HZ div = 0)
[   11.854680] dwmmc_rockchip fe320000.dwmmc: IDMAC supports 32-bit address mode.
[   11.855579] dwmmc_rockchip fe320000.dwmmc: Using internal DMA controller.
[   11.856182] dwmmc_rockchip fe320000.dwmmc: Version ID is 270a
[   11.856715] dwmmc_rockchip fe320000.dwmmc: DW MMC controller at irq 26,32 bit host data width,256 deep fifo
[   11.857641] dwmmc_rockchip fe320000.dwmmc: Got CD GPIO
[   11.870870] mmc_host mmc1: Bus speed (slot 0) = 400000Hz (slot req 400000Hz, actual 400000HZ div = 0)
[   11.885154] sdhci-pltfm: SDHCI platform and OF driver helper
[   11.886388] mmc2: CQHCI version 5.10
[   11.889715] mmc0: queuing unknown CIS tuple 0x80 (2 bytes)
[   11.892360] mmc0: queuing unknown CIS tuple 0x80 (3 bytes)
[   11.894705] mmc0: queuing unknown CIS tuple 0x80 (3 bytes)
[   11.898307] mmc0: queuing unknown CIS tuple 0x80 (7 bytes)
[   11.902613] mmc0: queuing unknown CIS tuple 0x81 (9 bytes)
[   11.911111] mmc2: SDHCI controller on fe330000.sdhci [fe330000.sdhci] using ADMA
[   11.912836] ledtrig-cpu: registered to indicate activity on CPUs
[   11.914043] usbcore: registered new interface driver usbhid
[   11.914529] usbhid: USB HID core driver
[   11.916867] NET: Registered protocol family 17
[   11.917333] 9pnet: Installing 9P2000 support
[   11.917728] Key type dns_resolver registered
[   11.918400] registered taskstats version 1
[   11.918769] Loading compiled-in X.509 certificates
[   11.929429] mmc1: Problem switching card into high-speed mode!
[   11.929978] mmc_host mmc1: Bus speed (slot 0) = 25000000Hz (slot req 25000000Hz, actual 25000000HZ div = 0)
[   11.930876] mmc1: new SDHC card at address 0001
[   11.933060] hctosys: unable to open rtc device (rtc0)
[   11.934164] ALSA device list:
[   11.934436]   No soundcards found.
[   11.934868] ttyS2 - failed to request DMA
[   11.936152] mmcblk1: mmc1:0001 SD 3.72 GiB 
[   11.955453]  mmcblk1: p1 p2 p3 p4 p5
[   11.964476] mmc_host mmc0: Bus speed (slot 0) = 148500000Hz (slot req 150000000Hz, actual 148500000HZ div = 0)
[   11.979653] EXT4-fs (mmcblk1p5): mounted filesystem with ordered data mode. Opts: (null)
[   11.980387] VFS: Mounted root (ext4 filesystem) on device 179:5.
[   11.982873] devtmpfs: mounted
[   11.983754] Freeing unused kernel memory: 1472K
[   11.984207] Run /sbin/init as init process
[   12.012907] mmc2: Command Queue Engine enabled
[   12.013307] mmc2: new HS400 Enhanced strobe MMC card at address 0001
[   12.018491] mmcblk2: mmc2:0001 D9D16G 14.5 GiB 
[   12.019166] mmcblk2boot0: mmc2:0001 D9D16G partition 1 4.00 MiB
[   12.019989] mmcblk2boot1: mmc2:0001 D9D16G partition 2 4.00 MiB
[   12.020959] mmcblk2rpmb: mmc2:0001 D9D16G partition 3 4.00 MiB, chardev (237:0)
[   12.022679]  mmcblk2: p1
[   12.099700] dwmmc_rockchip fe310000.dwmmc: Successfully tuned phase to 220
[   12.102425] mmc0: new ultra high speed SDR104 SDIO card at address 0001
[   12.674399] systemd[1]: System time before build time, advancing clock.
[   13.959739] NET: Registered protocol family 10
[   13.960689] Segment Routing with IPv6
[   14.085942] random: systemd: uninitialized urandom read (16 bytes read)
[   14.092156] random: systemd: uninitialized urandom read (16 bytes read)

Welcome to Debian GNU/Linux 9 (stretch)!

[   14.144808] random: systemd-cryptse: uninitialized urandom read (16 bytes read)
[  OK  ] Listening on /dev/initctl Compatibility Named Pipe.
[  OK  ] Reached target Swap.
[  OK  ] Created slice System Slice.
[  OK  ] Created slice system-serial\x2dgetty.slice.
[  OK  ] Reached target Remote File Systems.
[  OK  ] Listening on Network Service Netlink Socket.
         Mounting POSIX Message Queue File System...
[  OK  ] Listening on Journal Socket.
[  OK  ] Created slice system-getty.slice.
         Starting Load Kernel Modules...
[  OK  ] Started Forward Password Requests to Wall Directory Watch.
         Starting Set the console keyboard layout...
[  OK  ] Listening on Journal Socket (/dev/log).
[  OK  ] Started Dispatch Password Requests to Console Directory Watch.
         Starting Nameserver information manager...
         Mounting Debug File System...
[  OK  ] Created slice User and Session Slice.
[  OK  ] Reached target Slices.
[  OK  ] Reached target Encrypted Volumes.
         Starting Remount Root and Kernel File Systems...
         Starting Create list of required st��…ce nodes for the current kernel...
[  OK  ] Listening on udev Control Socket.
[  OK  ] Listening on Syslog Socket.
         Mounting Huge Pages File System...
[  OK  ] Listening on udev Kernel Socket.
[  OK  ] Listening on Journal Audit Socket.
         Starting Journal Service...
[  OK  ] Started Load Kernel Modules.
[  OK  ] Started Remount Root and Kernel File Systems.
         Starting Load/Save Random Seed...
         Starting udev Coldplug all Devices...
         Mounting Configuration File System...
         Starting Apply Kernel Variables...
[  OK  ] Started Create list of required sta��…vice nodes for the current kernel.
         Starting Create Static Device Nodes in /dev...
[  OK  ] Started Journal Service.
         Starting Flush Journal to Persistent Storage...
[  OK  ] Started Apply Kernel Variables.
[  OK  ] Started Load/Save Random Seed.
[  OK  ] Mounted Debug File System.
[  OK  ] Mounted Huge Pages File System.
[  OK  ] Mounted Configuration File System.
[  OK  ] Mounted POSIX Message Queue File System.
[  OK  ] Started udev Coldplug all Devices.
[  OK  ] Started Nameserver information manager.
[   15.070246] systemd-journald[218]: Received request to flush runtime journal from PID 1
[  OK  ] Started Create Static Device Nodes in /dev.
[  OK  ] Started Flush Journal to Persistent Storage.
         Starting udev Kernel Device Manager...
[  OK  ] Started Set the console keyboard layout.
[  OK  ] Reached target Local File Systems (Pre).
[  OK  ] Reached target Local File Systems.
         Starting Set console font and keymap...
         Starting Create Volatile Files and Directories...
         Starting Raise network interfaces...
[  OK  ] Started Set console font and keymap.
[  OK  ] Started Create Volatile Files and Directories.
         Starting Update UTMP about System Boot/Shutdown...
         Starting Network Time Synchronization...
[  OK  ] Started Update UTMP about System Boot/Shutdown.
[  OK  ] Started Network Time Synchronization.
[  OK  ] Reached target System Time Synchronized.
[  OK  ] Started udev Kernel Device Manager.
         Starting Network Service...
[  OK  ] Reached target System Initialization.
[  OK  ] Started ACPI Events Check.
[  OK  ] Reached target Paths.
[  OK  ] Listening on OpenBSD Secure Shell server socket.
[  OK  ] Started Daily apt download activities.
[  OK  ] Started Daily apt upgrade and clean activities.
[  OK  ] Listening on ACPID Listen Socket.
[  OK  ] Started Trigger anacron every hour.
[  OK  ] Started Daily Cleanup of Temporary Directories.
[  OK  ] Reached target Timers.
[  OK  ] Listening on D-Bus System Message Bus Socket.
[  OK  ] Reached target Sockets.
[  OK  ] Reached target Basic System.
[   15.771136] phy phy-ff770000.syscon:usb2-phy@e450.2: charger = USB_DCP_CHARGER
         Starting Login Service...
[  OK  ] Started ACPI event daemon.
[  OK  ] Started D-Bus System Message Bus.
[   15.960812] rk808-rtc rk808-rtc: registered as rtc0
[   16.640289] media: Linux media interface: v0.10
[   18.577007] videodev: Linux video capture interface: v2.00
[   19.840959] Bluetooth: Core ver 2.22
[   19.841344] NET: Registered protocol family 31
[   19.841735] Bluetooth: HCI device and connection manager initialized
[   19.842300] Bluetooth: HCI socket layer initialized
[   19.842731] Bluetooth: L2CAP socket layer initialized
[   19.843221] Bluetooth: SCO socket layer initialized
[   20.268869] rk_gmac-dwmac fe300000.ethernet: PTP uses main clock
[   20.269476] rk_gmac-dwmac fe300000.ethernet: clock input or output? (input).
[   20.270093] rk_gmac-dwmac fe300000.ethernet: TX delay(0x28).
[   20.270590] rk_gmac-dwmac fe300000.ethernet: RX delay(0x11).
[   20.271121] rk_gmac-dwmac fe300000.ethernet: integrated PHY? (no).
[   20.271712] rk_gmac-dwmac fe300000.ethernet: cannot get clock clk_mac_speed
[   20.272321] rk_gmac-dwmac fe300000.ethernet: clock input from PHY
[   20.277862] rk_gmac-dwmac fe300000.ethernet: init for RGMII
[   20.278594] rk_gmac-dwmac fe300000.ethernet: User ID: 0x10, Synopsys ID: 0x35
[   20.279245] rk_gmac-dwmac fe300000.ethernet:         DWMAC1000
[   20.279706] rk_gmac-dwmac fe300000.ethernet: DMA HW capability register supported
[   20.280360] rk_gmac-dwmac fe300000.ethernet: RX Checksum Offload Engine supported
[   20.281012] rk_gmac-dwmac fe300000.ethernet: COE Type 2
[   20.281469] rk_gmac-dwmac fe300000.ethernet: TX Checksum insertion supported
[   20.282084] rk_gmac-dwmac fe300000.ethernet: Wake-Up On Lan supported
[   20.282674] rk_gmac-dwmac fe300000.ethernet: Normal descriptors
[   20.283208] rk_gmac-dwmac fe300000.ethernet: Ring mode enabled
[   20.283720] rk_gmac-dwmac fe300000.ethernet: Enable RX Mitigation via HW Watchdog Timer
[   20.840466] cfg80211: Loading compiled-in X.509 certificates for regulatory database
[   20.845732] cfg80211: Loaded X.509 cert 'sforshee: 00b28ddf47aef9cea7'
[   20.937841] libphy: stmmac: probed
[   20.938159] RTL8211E Gigabit Ethernet stmmac-0:00: attached PHY driver [RTL8211E Gigabit Ethernet] (mii_bus:phy_addr=stmmac-0:00, 
irq=POLL)
[   20.939263] RTL8211E Gigabit Ethernet stmmac-0:01: attached PHY driver [RTL8211E Gigabit Ethernet] (mii_bus:phy_addr=stmmac-0:01, 
irq=POLL)
[   20.957424] platform regulatory.0: Direct firmware load for regulatory.db failed with error -2
[   20.958180] cfg80211: failed to load regulatory.db
[   21.091473] Bluetooth: HCI UART driver ver 2.3
[   21.091871] Bluetooth: HCI UART protocol H4 registered
[   21.092376] Bluetooth: HCI UART protocol LL registered
[   21.093143] Bluetooth: HCI UART protocol Broadcom registered
[   21.093480] hci_uart_bcm serial0-0: serial0-0 supply vbat not found, using dummy regulator
[   21.094413] hci_uart_bcm serial0-0: serial0-0 supply vddio not found, using dummy regulator
[   21.115420] ttyS0 - failed to request DMA
[   21.280131] Bluetooth: hci0: BCM: chip id 130
[   21.282809] Bluetooth: hci0: BCM: features 0x0f
[   21.306575] Bluetooth: hci0: BCM4345C5
[   21.306912] Bluetooth: hci0: BCM (003.006.006) build 0000
[   22.091559] rockchip-rga ff680000.rga: HW Version: 0x03.02
[   22.093499] rockchip-rga ff680000.rga: Registered rockchip-rga as /dev/video0
[   22.603523] rockchip_vpu: module is from the staging directory, the quality is unknown, you have been warned.
[   22.605883] rockchip-vpu ff650000.video-codec: Adding to iommu group 0
[   22.607202] rockchip-vpu ff650000.video-codec: registered as /dev/video1
[   22.923043] brcmfmac: brcmf_fw_alloc_request: using brcm/brcmfmac43456-sdio for chip BCM4345/9
[   22.923972] brcmfmac mmc0:0001:1: Direct firmware load for brcm/brcmfmac43456-sdio.bin failed with error -2
[   23.725246] rockchip-vop ff8f0000.vop: Adding to iommu group 1
[   23.726087] rockchip-vop ff900000.vop: Adding to iommu group 2
[   23.732354] rockchip-drm display-subsystem: bound ff8f0000.vop (ops vop_component_ops [rockchipdrm])
[   23.734702] rockchip-drm display-subsystem: bound ff900000.vop (ops vop_component_ops [rockchipdrm])
[   23.735617] dwhdmi-rockchip ff940000.hdmi: Detected HDMI TX controller v2.11a with HDCP (DWC HDMI 2.0 TX PHY)
[   23.737230] rockchip-drm display-subsystem: bound ff940000.hdmi (ops dw_hdmi_rockchip_ops [rockchipdrm])
[   23.738059] [drm] Supports vblank timestamp caching Rev 2 (21.10.2013).
[   23.738635] [drm] No driver support for vblank timestamp query.
[   23.781573] Console: switching to colour frame buffer device 128x48
[   23.802754] rockchip-drm display-subsystem: fb0: rockchipdrmfb frame buffer device
[   23.815441] [drm] Initialized rockchip 1.0.0 20140818 for display-subsystem on minor 0
[   23.931229] brcmfmac: brcmf_sdio_htclk: HT Avail timeout (1000000): clkctl 0x50
[   23.983093] random: crng init done
[   23.983403] random: 7 urandom warning(s) missed due to ratelimiting
[  OK  ] Started Setup rockchip platform environment.
         Starting LSB: Load kernel modules needed to enable cpufreq scaling...
         Starting System Logging Service...
         Starting WPA supplicant...
         Starting Network Manager...
[  OK  ] Started Run anacron jobs.
         Starting Disk Manager...
         Starting Provide limited super user privileges to specific users...
         Starting Daemon for power management...
[  OK  ] Started Network Service.
[  OK  ] Found device /dev/ttyS2.
[  OK  ] Started Provide limited super user privileges to specific users.
[  OK  ] Started Raise network interfaces.
         Starting Bluetooth service...
[  OK  ] Listening on Load/Save RF Kill Switch Status /dev/rfkill Watch.
[  OK  ] Started Login Service.
         Starting Load/Save RF Kill Switch Status...
[  OK  ] Started System Logging Service.
[  OK  ] Started Load/Save RF Kill Switch Status.
[  OK  ] Started LSB: Load kernel modules needed to enable cpufreq scaling.
         Starting LSB: set CPUFreq kernel parameters...
[  OK  ] Started WPA supplicant.
[  OK  ] Started LSB: set CPUFreq kernel parameters.
[   24.977769] Bluetooth: hci0: BCM (003.006.006) build 0038
[  OK  ] Started Bluetooth service.
[  OK  ] Reached target Bluetooth.
         Starting Authorization Manager...
         Starting Hostname Service...
[  OK  ] Started Hostname Service.
[  OK  ] Started Daemon for power management.
[  OK  ] Started Authorization Manager.
[  OK  ] Started Network Manager.
[  OK  ] Started Disk Manager.
[  OK  ] Reached target Network.
         Starting Permit User Sessions...
         Starting Network Name Resolution...
[  OK  ] Reached target Network is Online.
         Starting LSB: Advanced IEEE 802.11 management daemon...
         Starting /etc/rc.local Compatibility...
[  OK  ] Started Permit User Sessions.
[  OK  ] Started LSB: Advanced IEEE 802.11 management daemon.
         Starting Network Manager Script Dispatcher Service...
         Starting Light Display Manager...
[  OK  ] Started Network Name Resolution.
[  OK  ] Started /etc/rc.local Compatibility.
[  OK  ] Started Serial Getty on ttyS2.
[  OK  ] Started Getty on tty1.
[  OK  ] Reached target Login Prompts.
[  OK  ] Reached target Multi-User System.
[  OK  ] Started Network Manager Script Dispatcher Service.
[  OK  ] Started Light Display Manager.
[  OK  ] Reached target Graphical Interface.
         Starting Update UTMP about System Runlevel Changes...
[  OK  ] Started Update UTMP about System Runlevel Changes.

Debian GNU/Linux 9 linaro-alip ttyS2

linaro-alip login: root (automatic login)

[   26.719733] RTL8211E Gigabit Ethernet stmmac-0:00: attached PHY driver [RTL8211E Gigabit Ethernet] (mii_bus:phy_addr=stmmac-0:00, 
irq=POLL)
[   26.731090] rk_gmac-dwmac fe300000.ethernet eth0: No Safety Features support found
[   26.731766] rk_gmac-dwmac fe300000.ethernet eth0: PTP not supported by HW
Last login: Thu Nov  3 17:16:48 UTC 2016 on ttyFIQ0
Linux linaro-alip 5.2.0-rc2-27377-gba2e5559d525 #5 SMP PREEMPT Tue May 28 13:48:38 IST 2019 aarch64

The programs included with the Debian GNU/Linux system are free software;
the exact distribution terms for each program are described in the
individual files in /usr/share/doc/*/copyright.

Debian GNU/Linux comes with ABSOLUTELY NO WARRANTY, to the extent
permitted by applicable law.
root@linaro-alip:~# [   38.368930] EXT4-fs (mmcblk2p1): recovery complete
[   38.369380] EXT4-fs (mmcblk2p1): mounted filesystem with ordered data mode. Opts: (null)

root@linaro-alip:~# 
